** Drc report for C:\Users\hiroyuki\Documents\KiCAD\KiCAD_Projects\F303_MD\F303_MD.kicad_pcb **
** Created on  **

** Found 0 DRC errors **

** Found 174 unconnected pads **
ErrType(2): 未接続パッド
    @ (19.470 mm,71.120 mm): パッド 1 (F.Cu, 非導体層) - C7 net +3.3V
    @ (17.340 mm,84.830 mm): パッド 1 (F.Cu, 非導体層) - U1
ErrType(2): 未接続パッド
    @ (35.140 mm,100.330 mm): パッド 2 (F.Cu, 非導体層) - R1 net +3.3V
    @ (16.510 mm,100.350 mm): パッド 1 (F.Cu, 非導体層) - C24
ErrType(2): 未接続パッド
    @ (12.700 mm,102.182 mm): パッド 2 (F.Cu, 非導体層) - U8 net +3.3V
    @ (12.700 mm,101.079 mm): パッド 2 (F.Cu, 非導体層) - U8
ErrType(2): 未接続パッド
    @ (39.155 mm,102.870 mm): パッド 1 (F.Cu, 非導体層) - R4 net +3.3V
    @ (35.140 mm,100.330 mm): パッド 2 (F.Cu, 非導体層) - R1
ErrType(2): 未接続パッド
    @ (12.700 mm,101.079 mm): パッド 2 (F.Cu, 非導体層) - U8 net +3.3V
    @ (12.700 mm,99.230 mm): パッド 2 (F.Cu, 非導体層) - U8
ErrType(2): 未接続パッド
    @ (11.850 mm,85.090 mm): パッド 1 (F.Cu, 非導体層) - C3 net +3.3V
    @ (11.850 mm,88.900 mm): パッド 1 (F.Cu, 非導体層) - C2
ErrType(2): 未接続パッド
    @ (11.850 mm,88.900 mm): パッド 1 (F.Cu, 非導体層) - C2 net +3.3V
    @ (11.850 mm,92.710 mm): パッド 1 (F.Cu, 非導体層) - C1
ErrType(2): 未接続パッド
    @ (44.450 mm,93.820 mm): パッド 2 (F.Cu, B.Cu, 内層, 非導体層) - P1 net +3.3V
    @ (39.155 mm,102.870 mm): パッド 1 (F.Cu, 非導体層) - R4
ErrType(2): 未接続パッド
    @ (5.500 mm,70.485 mm): パッド 1 (F.Cu, 非導体層) - C8 net +3.3V
    @ (5.715 mm,68.740 mm): パッド 3 (F.Cu, 非導体層) - U3
ErrType(2): 未接続パッド
    @ (16.510 mm,100.350 mm): パッド 1 (F.Cu, 非導体層) - C24 net +3.3V
    @ (12.700 mm,101.079 mm): パッド 2 (F.Cu, 非導体層) - U8
ErrType(2): 未接続パッド
    @ (35.560 mm,67.730 mm): パッド 1 (F.Cu, 非導体層) - R7 net +3.3V
    @ (27.305 mm,68.740 mm): パッド 8 (F.Cu, 非導体層) - U5
ErrType(2): 未接続パッド
    @ (39.155 mm,105.410 mm): パッド 1 (F.Cu, 非導体層) - R3 net +3.3V
    @ (39.155 mm,102.870 mm): パッド 1 (F.Cu, 非導体層) - R4
ErrType(2): 未接続パッド
    @ (27.305 mm,68.740 mm): パッド 8 (F.Cu, 非導体層) - U5 net +3.3V
    @ (20.955 mm,68.740 mm): パッド 3 (F.Cu, 非導体層) - U5
ErrType(2): 未接続パッド
    @ (20.955 mm,68.740 mm): パッド 3 (F.Cu, 非導体層) - U5 net +3.3V
    @ (19.470 mm,71.120 mm): パッド 1 (F.Cu, 非導体層) - C7
ErrType(2): 未接続パッド
    @ (5.715 mm,68.740 mm): パッド 3 (F.Cu, 非導体層) - U3 net +3.3V
    @ (12.065 mm,68.740 mm): パッド 8 (F.Cu, 非導体層) - U3
ErrType(2): 未接続パッド
    @ (12.065 mm,68.740 mm): パッド 8 (F.Cu, 非導体層) - U3 net +3.3V
    @ (20.955 mm,68.740 mm): パッド 3 (F.Cu, 非導体層) - U5
ErrType(2): 未接続パッド
    @ (25.840 mm,90.430 mm): パッド 17 (F.Cu, 非導体層) - U1 net +3.3V
    @ (17.340 mm,88.030 mm): パッド 5 (F.Cu, 非導体層) - U1
ErrType(2): 未接続パッド
    @ (17.340 mm,88.030 mm): パッド 5 (F.Cu, 非導体層) - U1 net +3.3V
    @ (17.340 mm,84.830 mm): パッド 1 (F.Cu, 非導体層) - U1
ErrType(2): 未接続パッド
    @ (11.850 mm,92.710 mm): パッド 1 (F.Cu, 非導体層) - C1 net +3.3V
    @ (12.700 mm,99.230 mm): パッド 2 (F.Cu, 非導体層) - U8
ErrType(2): 未接続パッド
    @ (17.340 mm,84.830 mm): パッド 1 (F.Cu, 非導体層) - U1 net +3.3V
    @ (11.850 mm,85.090 mm): パッド 1 (F.Cu, 非導体層) - C3
ErrType(2): 未接続パッド
    @ (64.350 mm,52.070 mm): パッド 2 (F.Cu, 非導体層) - R17 net GND
    @ (64.350 mm,49.530 mm): パッド 2 (F.Cu, 非導体層) - R15
ErrType(2): 未接続パッド
    @ (27.305 mm,118.270 mm): パッド 2 (F.Cu, 非導体層) - U2 net GND
    @ (27.090 mm,109.220 mm): パッド 1 (F.Cu, 非導体層) - R2
ErrType(2): 未接続パッド
    @ (11.199 mm,102.182 mm): パッド 1 (F.Cu, 非導体層) - U8 net GND
    @ (13.550 mm,92.710 mm): パッド 2 (F.Cu, 非導体層) - C1
ErrType(2): 未接続パッド
    @ (-1.501 mm,102.182 mm): パッド 1 (F.Cu, 非導体層) - U6 net GND
    @ (5.080 mm,102.850 mm): パッド 2 (F.Cu, 非導体層) - C23
ErrType(2): 未接続パッド
    @ (44.450 mm,96.320 mm): パッド 1 (F.Cu, B.Cu, 内層, 非導体層) - P1 net GND
    @ (29.685 mm,97.155 mm): パッド 1 (F.Cu, 非導体層) - SW1
ErrType(2): 未接続パッド
    @ (44.450 mm,110.370 mm): パッド 1 (F.Cu, B.Cu, 内層, 非導体層) - P3 net GND
    @ (44.450 mm,96.320 mm): パッド 1 (F.Cu, B.Cu, 内層, 非導体層) - P1
ErrType(2): 未接続パッド
    @ (52.070 mm,110.370 mm): パッド 1 (F.Cu, B.Cu, 内層, 非導体層) - P4 net GND
    @ (44.450 mm,110.370 mm): パッド 1 (F.Cu, B.Cu, 内層, 非導体層) - P3
ErrType(2): 未接続パッド
    @ (6.985 mm,68.740 mm): パッド 4 (F.Cu, 非導体層) - U3 net GND
    @ (7.200 mm,70.485 mm): パッド 2 (F.Cu, 非導体層) - C8
ErrType(2): 未接続パッド
    @ (16.510 mm,102.850 mm): パッド 2 (F.Cu, 非導体層) - C24 net GND
    @ (11.199 mm,102.182 mm): パッド 1 (F.Cu, 非導体層) - U8
ErrType(2): 未接続パッド
    @ (5.080 mm,102.850 mm): パッド 2 (F.Cu, 非導体層) - C23 net GND
    @ (7.620 mm,102.850 mm): パッド 2 (F.Cu, 非導体層) - C22
ErrType(2): 未接続パッド
    @ (7.620 mm,102.850 mm): パッド 2 (F.Cu, 非導体層) - C22 net GND
    @ (11.199 mm,102.182 mm): パッド 1 (F.Cu, 非導体層) - U8
ErrType(2): 未接続パッド
    @ (-9.685 mm,25.400 mm): パッド 5 (B.Cu, 非導体層) - U4 net GND
    @ (-6.770 mm,30.480 mm): パッド 2 (F.Cu, 非導体層) - C9
ErrType(2): 未接続パッド
    @ (-3.810 mm,102.850 mm): パッド 2 (F.Cu, 非導体層) - C21 net GND
    @ (-1.501 mm,102.182 mm): パッド 1 (F.Cu, 非導体層) - U6
ErrType(2): 未接続パッド
    @ (22.225 mm,68.740 mm): パッド 4 (F.Cu, 非導体層) - U5 net GND
    @ (21.170 mm,71.120 mm): パッド 2 (F.Cu, 非導体層) - C7
ErrType(2): 未接続パッド
    @ (3.175 mm,87.845 mm): パッド 2 (F.Cu, 非導体層) - C6 net GND
    @ (13.550 mm,88.900 mm): パッド 2 (F.Cu, 非導体層) - C2
ErrType(2): 未接続パッド
    @ (21.170 mm,71.120 mm): パッド 2 (F.Cu, 非導体層) - C7 net GND
    @ (24.980 mm,71.120 mm): パッド 2 (F.Cu, 非導体層) - R6
ErrType(2): 未接続パッド
    @ (7.200 mm,70.485 mm): パッド 2 (F.Cu, 非導体層) - C8 net GND
    @ (11.010 mm,70.485 mm): パッド 2 (F.Cu, 非導体層) - R5
ErrType(2): 未接続パッド
    @ (-6.770 mm,30.480 mm): パッド 2 (F.Cu, 非導体層) - C9 net GND
    @ (6.985 mm,68.740 mm): パッド 4 (F.Cu, 非導体層) - U3
ErrType(2): 未接続パッド
    @ (29.685 mm,97.155 mm): パッド 1 (F.Cu, 非導体層) - SW1 net GND
    @ (24.390 mm,91.880 mm): パッド 16 (F.Cu, 非導体層) - U1
ErrType(2): 未接続パッド
    @ (31.085 mm,68.570 mm): パッド 3 (F.Cu, 非導体層) - IC1 net GND
    @ (64.350 mm,52.070 mm): パッド 2 (F.Cu, 非導体層) - R17
ErrType(2): 未接続パッド
    @ (3.175 mm,89.955 mm): パッド 2 (F.Cu, 非導体層) - C5 net GND
    @ (3.175 mm,87.845 mm): パッド 2 (F.Cu, 非導体層) - C6
ErrType(2): 未接続パッド
    @ (52.070 mm,96.320 mm): パッド 1 (F.Cu, B.Cu, 内層, 非導体層) - P2 net GND
    @ (44.450 mm,96.320 mm): パッド 1 (F.Cu, B.Cu, 内層, 非導体層) - P1
ErrType(2): 未接続パッド
    @ (29.630 mm,100.330 mm): パッド 1 (F.Cu, 非導体層) - C4 net GND
    @ (29.685 mm,97.155 mm): パッド 1 (F.Cu, 非導体層) - SW1
ErrType(2): 未接続パッド
    @ (13.550 mm,85.090 mm): パッド 2 (F.Cu, 非導体層) - C3 net GND
    @ (18.790 mm,83.380 mm): パッド 32 (F.Cu, 非導体層) - U1
ErrType(2): 未接続パッド
    @ (13.550 mm,88.900 mm): パッド 2 (F.Cu, 非導体層) - C2 net GND
    @ (13.550 mm,85.090 mm): パッド 2 (F.Cu, 非導体層) - C3
ErrType(2): 未接続パッド
    @ (13.550 mm,92.710 mm): パッド 2 (F.Cu, 非導体層) - C1 net GND
    @ (13.550 mm,88.900 mm): パッド 2 (F.Cu, 非導体層) - C2
ErrType(2): 未接続パッド
    @ (18.790 mm,83.380 mm): パッド 32 (F.Cu, 非導体層) - U1 net GND
    @ (19.590 mm,83.380 mm): パッド 31 (F.Cu, 非導体層) - U1
ErrType(2): 未接続パッド
    @ (19.590 mm,83.380 mm): パッド 31 (F.Cu, 非導体層) - U1 net GND
    @ (21.170 mm,71.120 mm): パッド 2 (F.Cu, 非導体層) - C7
ErrType(2): 未接続パッド
    @ (24.390 mm,91.880 mm): パッド 16 (F.Cu, 非導体層) - U1 net GND
    @ (13.550 mm,92.710 mm): パッド 2 (F.Cu, 非導体層) - C1
ErrType(2): 未接続パッド
    @ (27.090 mm,109.220 mm): パッド 1 (F.Cu, 非導体層) - R2 net GND
    @ (29.630 mm,100.330 mm): パッド 1 (F.Cu, 非導体層) - C4
ErrType(2): 未接続パッド
    @ (24.980 mm,71.120 mm): パッド 2 (F.Cu, 非導体層) - R6 net GND
    @ (31.085 mm,68.570 mm): パッド 3 (F.Cu, 非導体層) - IC1
ErrType(2): 未接続パッド
    @ (11.010 mm,70.485 mm): パッド 2 (F.Cu, 非導体層) - R5 net GND
    @ (21.170 mm,71.120 mm): パッド 2 (F.Cu, 非導体層) - C7
ErrType(2): 未接続パッド
    @ (35.085 mm,97.155 mm): パッド 2 (F.Cu, 非導体層) - SW1 net Net-(C4-Pad2)
    @ (33.440 mm,100.330 mm): パッド 1 (F.Cu, 非導体層) - R1
ErrType(2): 未接続パッド
    @ (31.330 mm,100.330 mm): パッド 2 (F.Cu, 非導体層) - C4 net Net-(C4-Pad2)
    @ (17.340 mm,87.230 mm): パッド 4 (F.Cu, 非導体層) - U1
ErrType(2): 未接続パッド
    @ (33.440 mm,100.330 mm): パッド 1 (F.Cu, 非導体層) - R1 net Net-(C4-Pad2)
    @ (31.330 mm,100.330 mm): パッド 2 (F.Cu, 非導体層) - C4
ErrType(2): 未接続パッド
    @ (0.000 mm,90.071 mm): パッド 1 (F.Cu, B.Cu, 内層, 非導体層) - X1 net Net-(C5-Pad1)
    @ (3.175 mm,91.655 mm): パッド 1 (F.Cu, 非導体層) - C5
ErrType(2): 未接続パッド
    @ (17.340 mm,86.430 mm): パッド 3 (F.Cu, 非導体層) - U1 net Net-(C5-Pad1)
    @ (3.175 mm,91.655 mm): パッド 1 (F.Cu, 非導体層) - C5
ErrType(2): 未接続パッド
    @ (0.000 mm,85.189 mm): パッド 2 (F.Cu, B.Cu, 内層, 非導体層) - X1 net Net-(C6-Pad1)
    @ (3.175 mm,86.145 mm): パッド 1 (F.Cu, 非導体層) - C6
ErrType(2): 未接続パッド
    @ (3.175 mm,86.145 mm): パッド 1 (F.Cu, 非導体層) - C6 net Net-(C6-Pad1)
    @ (17.340 mm,85.630 mm): パッド 2 (F.Cu, 非導体層) - U1
ErrType(2): 未接続パッド
    @ (25.840 mm,85.630 mm): パッド 23 (F.Cu, 非導体層) - U1 net Net-(P1-Pad4)
    @ (44.450 mm,88.820 mm): パッド 4 (F.Cu, B.Cu, 内層, 非導体層) - P1
ErrType(2): 未接続パッド
    @ (25.840 mm,84.830 mm): パッド 24 (F.Cu, 非導体層) - U1 net Net-(P1-Pad3)
    @ (44.450 mm,91.320 mm): パッド 3 (F.Cu, B.Cu, 内層, 非導体層) - P1
ErrType(2): 未接続パッド
    @ (-8.470 mm,30.480 mm): パッド 1 (F.Cu, 非導体層) - C9 net Net-(C9-Pad1)
    @ (-9.685 mm,24.130 mm): パッド 6 (B.Cu, 非導体層) - U4
ErrType(2): 未接続パッド
    @ (-4.285 mm,21.590 mm): パッド 1 (B.Cu, 非導体層) - U4 net /OUT_A_CS
    @ (-4.285 mm,22.860 mm): パッド 2 (B.Cu, 非導体層) - U4
ErrType(2): 未接続パッド
    @ (7.620 mm,40.170 mm): パッド D (F.Cu, 非導体層) - Q2 net /OUT_A_CS
    @ (10.119 mm,33.490 mm): パッド S (F.Cu, 非導体層) - Q1
ErrType(2): 未接続パッド
    @ (6.045 mm,60.960 mm): パッド 2 (F.Cu, 非導体層) - C10 net /OUT_A_CS
    @ (7.620 mm,40.170 mm): パッド D (F.Cu, 非導体層) - Q2
ErrType(2): 未接続パッド
    @ (10.119 mm,33.490 mm): パッド S (F.Cu, 非導体層) - Q1 net /OUT_A_CS
    @ (-4.285 mm,22.860 mm): パッド 2 (B.Cu, 非導体層) - U4
ErrType(2): 未接続パッド
    @ (25.359 mm,51.270 mm): パッド S (F.Cu, 非導体層) - Q4 net GNDPWR
    @ (35.630 mm,49.900 mm): パッド 8 (F.Cu, 非導体層) - RP2
ErrType(2): 未接続パッド
    @ (12.065 mm,63.340 mm): パッド 9 (F.Cu, 非導体層) - U3 net GNDPWR
    @ (27.305 mm,63.340 mm): パッド 9 (F.Cu, 非導体層) - U5
ErrType(2): 未接続パッド
    @ (47.625 mm,64.295 mm): パッド 4 (F.Cu, 非導体層) - IC2 net GNDPWR
    @ (40.620 mm,64.770 mm): パッド 2 (F.Cu, 非導体層) - C17
ErrType(2): 未接続パッド
    @ (37.230 mm,49.900 mm): パッド 6 (F.Cu, 非導体層) - RP2 net GNDPWR
    @ (38.030 mm,49.900 mm): パッド 5 (F.Cu, 非導体層) - RP2
ErrType(2): 未接続パッド
    @ (31.036 mm,60.970 mm): パッド 2 (F.Cu, 非導体層) - IC1 net GNDPWR
    @ (38.153 mm,60.094 mm): パッド 1 (F.Cu, 非導体層) - U9
ErrType(2): 未接続パッド
    @ (48.875 mm,42.545 mm): パッド 2 (F.Cu, 非導体層) - C20 net GNDPWR
    @ (48.875 mm,45.720 mm): パッド 2 (F.Cu, 非導体層) - C18
ErrType(2): 未接続パッド
    @ (38.120 mm,58.420 mm): パッド 2 (F.Cu, 非導体層) - C19 net GNDPWR
    @ (38.030 mm,49.900 mm): パッド 5 (F.Cu, 非導体層) - RP2
ErrType(2): 未接続パッド
    @ (48.875 mm,45.720 mm): パッド 2 (F.Cu, 非導体層) - C18 net GNDPWR
    @ (47.501 mm,52.705 mm): パッド 2 (F.Cu, 非導体層) - C25
ErrType(2): 未接続パッド
    @ (40.620 mm,64.770 mm): パッド 2 (F.Cu, 非導体層) - C17 net GNDPWR
    @ (38.153 mm,60.094 mm): パッド 1 (F.Cu, 非導体層) - U9
ErrType(2): 未接続パッド
    @ (35.630 mm,49.900 mm): パッド 8 (F.Cu, 非導体層) - RP2 net GNDPWR
    @ (36.430 mm,49.900 mm): パッド 7 (F.Cu, 非導体層) - RP2
ErrType(2): 未接続パッド
    @ (-5.295 mm,37.465 mm): パッド 2 (F.Cu, 非導体層) - C16 net GNDPWR
    @ (10.119 mm,51.270 mm): パッド S (F.Cu, 非導体層) - Q2
ErrType(2): 未接続パッド
    @ (36.639 mm,35.560 mm): パッド 2 (F.Cu, 非導体層) - C15 net GNDPWR
    @ (37.465 mm,44.450 mm): パッド 2 (F.Cu, 非導体層) - U7
ErrType(2): 未接続パッド
    @ (36.639 mm,25.400 mm): パッド 2 (F.Cu, 非導体層) - C14 net GNDPWR
    @ (36.639 mm,35.560 mm): パッド 2 (F.Cu, 非導体層) - C15
ErrType(2): 未接続パッド
    @ (27.635 mm,60.960 mm): パッド 2 (F.Cu, 非導体層) - C13 net GNDPWR
    @ (31.036 mm,60.970 mm): パッド 2 (F.Cu, 非導体層) - IC1
ErrType(2): 未接続パッド
    @ (36.430 mm,49.900 mm): パッド 7 (F.Cu, 非導体層) - RP2 net GNDPWR
    @ (37.230 mm,49.900 mm): パッド 6 (F.Cu, 非導体層) - RP2
ErrType(2): 未接続パッド
    @ (38.153 mm,60.094 mm): パッド 1 (F.Cu, 非導体層) - U9 net GNDPWR
    @ (38.120 mm,58.420 mm): パッド 2 (F.Cu, 非導体層) - C19
ErrType(2): 未接続パッド
    @ (38.100 mm,12.700 mm): パッド 3 (F.Cu, B.Cu, 内層, 非導体層) - P6 net GNDPWR
    @ (36.639 mm,25.400 mm): パッド 2 (F.Cu, 非導体層) - C14
ErrType(2): 未接続パッド
    @ (37.465 mm,44.450 mm): パッド 2 (F.Cu, 非導体層) - U7 net GNDPWR
    @ (37.230 mm,49.900 mm): パッド 6 (F.Cu, 非導体層) - RP2
ErrType(2): 未接続パッド
    @ (10.119 mm,51.270 mm): パッド S (F.Cu, 非導体層) - Q2 net GNDPWR
    @ (12.395 mm,60.960 mm): パッド 2 (F.Cu, 非導体層) - C11
ErrType(2): 未接続パッド
    @ (47.501 mm,52.705 mm): パッド 2 (F.Cu, 非導体層) - C25 net GNDPWR
    @ (47.625 mm,64.295 mm): パッド 4 (F.Cu, 非導体層) - IC2
ErrType(2): 未接続パッド
    @ (43.180 mm,12.700 mm): パッド 1 (F.Cu, B.Cu, 内層, 非導体層) - P6 net GNDPWR
    @ (38.100 mm,12.700 mm): パッド 3 (F.Cu, B.Cu, 内層, 非導体層) - P6
ErrType(2): 未接続パッド
    @ (25.359 mm,33.490 mm): パッド S (F.Cu, 非導体層) - Q3 net /OUT_B
    @ (22.860 mm,40.170 mm): パッド D (F.Cu, 非導体層) - Q4
ErrType(2): 未接続パッド
    @ (12.700 mm,12.700 mm): パッド 2 (F.Cu, B.Cu, 内層, 非導体層) - P5 net /OUT_B
    @ (25.359 mm,33.490 mm): パッド S (F.Cu, 非導体層) - Q3
ErrType(2): 未接続パッド
    @ (21.285 mm,60.960 mm): パッド 2 (F.Cu, 非導体層) - C12 net /OUT_B
    @ (36.430 mm,54.875 mm): パッド 2 (F.Cu, 非導体層) - RP1
ErrType(2): 未接続パッド
    @ (22.860 mm,40.170 mm): パッド D (F.Cu, 非導体層) - Q4 net /OUT_B
    @ (21.285 mm,60.960 mm): パッド 2 (F.Cu, 非導体層) - C12
ErrType(2): 未接続パッド
    @ (-18.519 mm,52.070 mm): パッド 1 (B.Cu, 非導体層) - L1 net +BATT
    @ (7.620 mm,22.390 mm): パッド D (F.Cu, 非導体層) - Q1
ErrType(2): 未接続パッド
    @ (-17.249 mm,55.880 mm): パッド 1 (B.Cu, 非導体層) - L2 net +BATT
    @ (-18.519 mm,52.070 mm): パッド 1 (B.Cu, 非導体層) - L1
ErrType(2): 未接続パッド
    @ (43.180 mm,17.780 mm): パッド 2 (F.Cu, B.Cu, 内層, 非導体層) - P6 net +BATT
    @ (44.641 mm,25.400 mm): パッド 1 (F.Cu, 非導体層) - C14
ErrType(2): 未接続パッド
    @ (38.100 mm,17.780 mm): パッド 4 (F.Cu, B.Cu, 内層, 非導体層) - P6 net +BATT
    @ (43.180 mm,17.780 mm): パッド 2 (F.Cu, B.Cu, 内層, 非導体層) - P6
ErrType(2): 未接続パッド
    @ (44.641 mm,35.560 mm): パッド 1 (F.Cu, 非導体層) - C15 net +BATT
    @ (38.030 mm,54.875 mm): パッド 4 (F.Cu, 非導体層) - RP1
ErrType(2): 未接続パッド
    @ (22.860 mm,22.390 mm): パッド D (F.Cu, 非導体層) - Q3 net +BATT
    @ (38.100 mm,17.780 mm): パッド 4 (F.Cu, B.Cu, 内層, 非導体層) - P6
ErrType(2): 未接続パッド
    @ (7.620 mm,22.390 mm): パッド D (F.Cu, 非導体層) - Q1 net +BATT
    @ (22.860 mm,22.390 mm): パッド D (F.Cu, 非導体層) - Q3
ErrType(2): 未接続パッド
    @ (44.641 mm,25.400 mm): パッド 1 (F.Cu, 非導体層) - C14 net +BATT
    @ (44.641 mm,35.560 mm): パッド 1 (F.Cu, 非導体層) - C15
ErrType(2): 未接続パッド
    @ (40.620 mm,58.420 mm): パッド 1 (F.Cu, 非導体層) - C19 net /5V
    @ (-3.595 mm,37.465 mm): パッド 1 (F.Cu, 非導体層) - C16
ErrType(2): 未接続パッド
    @ (43.815 mm,58.895 mm): パッド 8 (F.Cu, 非導体層) - IC2 net /5V
    @ (40.620 mm,58.420 mm): パッド 1 (F.Cu, 非導体層) - C19
ErrType(2): 未接続パッド
    @ (38.153 mm,61.595 mm): パッド 2 (F.Cu, 非導体層) - U9 net /5V
    @ (39.256 mm,61.595 mm): パッド 2 (F.Cu, 非導体層) - U9
ErrType(2): 未接続パッド
    @ (41.105 mm,61.595 mm): パッド 2 (F.Cu, 非導体層) - U9 net /5V
    @ (40.620 mm,58.420 mm): パッド 1 (F.Cu, 非導体層) - C19
ErrType(2): 未接続パッド
    @ (39.256 mm,61.595 mm): パッド 2 (F.Cu, 非導体層) - U9 net /5V
    @ (41.105 mm,61.595 mm): パッド 2 (F.Cu, 非導体層) - U9
ErrType(2): 未接続パッド
    @ (38.120 mm,64.770 mm): パッド 1 (F.Cu, 非導体層) - C17 net Net-(C17-Pad1)
    @ (38.153 mm,63.096 mm): パッド 3 (F.Cu, 非導体層) - U9
ErrType(2): 未接続パッド
    @ (-22.121 mm,52.070 mm): パッド 2 (B.Cu, 非導体層) - L1 net Net-(C17-Pad1)
    @ (38.153 mm,63.096 mm): パッド 3 (F.Cu, 非導体層) - U9
ErrType(2): 未接続パッド
    @ (43.815 mm,46.736 mm): パッド 1 (F.Cu, 非導体層) - U7 net Net-(C18-Pad1)
    @ (-20.851 mm,55.880 mm): パッド 2 (B.Cu, 非導体層) - L2
ErrType(2): 未接続パッド
    @ (46.375 mm,45.720 mm): パッド 1 (F.Cu, 非導体層) - C18 net Net-(C18-Pad1)
    @ (43.815 mm,46.736 mm): パッド 1 (F.Cu, 非導体層) - U7
ErrType(2): 未接続パッド
    @ (46.375 mm,42.545 mm): パッド 1 (F.Cu, 非導体層) - C20 net /GP_PS
    @ (43.815 mm,42.164 mm): パッド 3 (F.Cu, 非導体層) - U7
ErrType(2): 未接続パッド
    @ (41.399 mm,52.705 mm): パッド 1 (F.Cu, 非導体層) - C25 net /GP_PS
    @ (43.815 mm,42.164 mm): パッド 3 (F.Cu, 非導体層) - U7
ErrType(2): 未接続パッド
    @ (35.630 mm,54.875 mm): パッド 1 (F.Cu, 非導体層) - RP1 net /GD_PS
    @ (29.210 mm,66.370 mm): パッド 1 (F.Cu, 非導体層) - D4
ErrType(2): 未接続パッド
    @ (33.685 mm,60.970 mm): パッド 1 (F.Cu, 非導体層) - IC1 net Net-(IC1-Pad1)
    @ (-1.055 mm,66.040 mm): パッド 2 (F.Cu, 非導体層) - R12
ErrType(2): 未接続パッド
    @ (35.560 mm,69.430 mm): パッド 2 (F.Cu, 非導体層) - R7 net /USART2_RX
    @ (33.685 mm,68.570 mm): パッド 4 (F.Cu, 非導体層) - IC1
ErrType(2): 未接続パッド
    @ (33.685 mm,68.570 mm): パッド 4 (F.Cu, 非導体層) - IC1 net /USART2_RX
    @ (18.790 mm,91.880 mm): パッド 9 (F.Cu, 非導体層) - U1
ErrType(2): 未接続パッド
    @ (44.235 mm,66.675 mm): パッド 1 (F.Cu, 非導体層) - R13 net Net-(IC2-Pad1)
    @ (43.815 mm,64.295 mm): パッド 1 (F.Cu, 非導体層) - IC2
ErrType(2): 未接続パッド
    @ (38.030 mm,53.075 mm): パッド 5 (F.Cu, 非導体層) - RP1 net Net-(IC2-Pad2)
    @ (45.085 mm,64.295 mm): パッド 2 (F.Cu, 非導体層) - IC2
ErrType(2): 未接続パッド
    @ (38.030 mm,51.700 mm): パッド 4 (F.Cu, 非導体層) - RP2 net Net-(IC2-Pad2)
    @ (38.030 mm,53.075 mm): パッド 5 (F.Cu, 非導体層) - RP1
ErrType(2): 未接続パッド
    @ (-2.755 mm,66.040 mm): パッド 1 (F.Cu, 非導体層) - R12 net Net-(IC2-Pad3)
    @ (46.355 mm,64.295 mm): パッド 3 (F.Cu, 非導体層) - IC2
ErrType(2): 未接続パッド
    @ (35.630 mm,53.075 mm): パッド 8 (F.Cu, 非導体層) - RP1 net Net-(IC2-Pad5)
    @ (35.630 mm,51.700 mm): パッド 1 (F.Cu, 非導体層) - RP2
ErrType(2): 未接続パッド
    @ (47.625 mm,58.895 mm): パッド 5 (F.Cu, 非導体層) - IC2 net Net-(IC2-Pad5)
    @ (35.630 mm,53.075 mm): パッド 8 (F.Cu, 非導体層) - RP1
ErrType(2): 未接続パッド
    @ (36.430 mm,53.075 mm): パッド 7 (F.Cu, 非導体層) - RP1 net Net-(IC2-Pad6)
    @ (36.430 mm,51.700 mm): パッド 2 (F.Cu, 非導体層) - RP2
ErrType(2): 未接続パッド
    @ (46.355 mm,58.895 mm): パッド 6 (F.Cu, 非導体層) - IC2 net Net-(IC2-Pad6)
    @ (36.430 mm,53.075 mm): パッド 7 (F.Cu, 非導体層) - RP1
ErrType(2): 未接続パッド
    @ (45.085 mm,58.895 mm): パッド 7 (F.Cu, 非導体層) - IC2 net Net-(IC2-Pad7)
    @ (37.230 mm,53.075 mm): パッド 6 (F.Cu, 非導体層) - RP1
ErrType(2): 未接続パッド
    @ (37.230 mm,53.075 mm): パッド 6 (F.Cu, 非導体層) - RP1 net Net-(IC2-Pad7)
    @ (37.230 mm,51.700 mm): パッド 3 (F.Cu, 非導体層) - RP2
ErrType(2): 未接続パッド
    @ (24.390 mm,83.380 mm): パッド 25 (F.Cu, 非導体層) - U1 net /SPI1_NSS
    @ (52.070 mm,83.820 mm): パッド 6 (F.Cu, B.Cu, 内層, 非導体層) - P2
ErrType(2): 未接続パッド
    @ (23.590 mm,83.380 mm): パッド 26 (F.Cu, 非導体層) - U1 net /SPI1_SCK
    @ (52.070 mm,86.320 mm): パッド 5 (F.Cu, B.Cu, 内層, 非導体層) - P2
ErrType(2): 未接続パッド
    @ (52.070 mm,88.820 mm): パッド 4 (F.Cu, B.Cu, 内層, 非導体層) - P2 net /SPI1_MISO
    @ (22.790 mm,83.380 mm): パッド 27 (F.Cu, 非導体層) - U1
ErrType(2): 未接続パッド
    @ (52.070 mm,91.320 mm): パッド 3 (F.Cu, B.Cu, 内層, 非導体層) - P2 net /SPI1_MOSI
    @ (21.990 mm,83.380 mm): パッド 28 (F.Cu, 非導体層) - U1
ErrType(2): 未接続パッド
    @ (1.501 mm,102.182 mm): パッド 3 (F.Cu, 非導体層) - U6 net +12V
    @ (52.070 mm,107.870 mm): パッド 2 (F.Cu, B.Cu, 内層, 非導体層) - P4
ErrType(2): 未接続パッド
    @ (-3.810 mm,100.350 mm): パッド 1 (F.Cu, 非導体層) - C21 net +12V
    @ (1.501 mm,102.182 mm): パッド 3 (F.Cu, 非導体層) - U6
ErrType(2): 未接続パッド
    @ (52.070 mm,107.870 mm): パッド 2 (F.Cu, B.Cu, 内層, 非導体層) - P4 net +12V
    @ (52.070 mm,93.820 mm): パッド 2 (F.Cu, B.Cu, 内層, 非導体層) - P2
ErrType(2): 未接続パッド
    @ (58.840 mm,52.070 mm): パッド 1 (F.Cu, 非導体層) - R16 net +12V
    @ (52.070 mm,93.820 mm): パッド 2 (F.Cu, B.Cu, 内層, 非導体層) - P2
ErrType(2): 未接続パッド
    @ (58.840 mm,49.530 mm): パッド 1 (F.Cu, 非導体層) - R14 net +5V
    @ (44.450 mm,107.870 mm): パッド 2 (F.Cu, B.Cu, 内層, 非導体層) - P3
ErrType(2): 未接続パッド
    @ (44.450 mm,107.870 mm): パッド 2 (F.Cu, B.Cu, 内層, 非導体層) - P3 net +5V
    @ (28.575 mm,118.270 mm): パッド 3 (F.Cu, 非導体層) - U2
ErrType(2): 未接続パッド
    @ (7.620 mm,100.350 mm): パッド 1 (F.Cu, 非導体層) - C22 net +5V
    @ (5.080 mm,100.350 mm): パッド 1 (F.Cu, 非導体層) - C23
ErrType(2): 未接続パッド
    @ (-9.685 mm,21.590 mm): パッド 8 (B.Cu, 非導体層) - U4 net +5V
    @ (0.000 mm,99.230 mm): パッド 2 (F.Cu, 非導体層) - U6
ErrType(2): 未接続パッド
    @ (0.000 mm,102.182 mm): パッド 2 (F.Cu, 非導体層) - U6 net +5V
    @ (0.000 mm,101.079 mm): パッド 2 (F.Cu, 非導体層) - U6
ErrType(2): 未接続パッド
    @ (0.000 mm,99.230 mm): パッド 2 (F.Cu, 非導体層) - U6 net +5V
    @ (0.000 mm,101.079 mm): パッド 2 (F.Cu, 非導体層) - U6
ErrType(2): 未接続パッド
    @ (28.575 mm,118.270 mm): パッド 3 (F.Cu, 非導体層) - U2 net +5V
    @ (14.201 mm,102.182 mm): パッド 3 (F.Cu, 非導体層) - U8
ErrType(2): 未接続パッド
    @ (14.201 mm,102.182 mm): パッド 3 (F.Cu, 非導体層) - U8 net +5V
    @ (7.620 mm,100.350 mm): パッド 1 (F.Cu, 非導体層) - C22
ErrType(2): 未接続パッド
    @ (0.000 mm,101.079 mm): パッド 2 (F.Cu, 非導体層) - U6 net +5V
    @ (5.080 mm,100.350 mm): パッド 1 (F.Cu, 非導体層) - C23
ErrType(2): 未接続パッド
    @ (40.855 mm,105.410 mm): パッド 2 (F.Cu, 非導体層) - R3 net /ENC_A
    @ (40.855 mm,102.870 mm): パッド 2 (F.Cu, 非導体層) - R4
ErrType(2): 未接続パッド
    @ (44.450 mm,105.370 mm): パッド 3 (F.Cu, B.Cu, 内層, 非導体層) - P3 net /ENC_A
    @ (44.450 mm,102.870 mm): パッド 4 (F.Cu, B.Cu, 内層, 非導体層) - P3
ErrType(2): 未接続パッド
    @ (40.855 mm,102.870 mm): パッド 2 (F.Cu, 非導体層) - R4 net /ENC_A
    @ (21.190 mm,91.880 mm): パッド 12 (F.Cu, 非導体層) - U1
ErrType(2): 未接続パッド
    @ (44.450 mm,102.870 mm): パッド 4 (F.Cu, B.Cu, 内層, 非導体層) - P3 net /ENC_A
    @ (40.855 mm,102.870 mm): パッド 2 (F.Cu, 非導体層) - R4
ErrType(2): 未接続パッド
    @ (52.070 mm,105.370 mm): パッド 3 (F.Cu, B.Cu, 内層, 非導体層) - P4 net Net-(P4-Pad3)
    @ (28.575 mm,112.870 mm): パッド 6 (F.Cu, 非導体層) - U2
ErrType(2): 未接続パッド
    @ (52.070 mm,102.870 mm): パッド 4 (F.Cu, B.Cu, 内層, 非導体層) - P4 net Net-(P4-Pad4)
    @ (27.305 mm,112.870 mm): パッド 7 (F.Cu, 非導体層) - U2
ErrType(2): 未接続パッド
    @ (37.230 mm,54.875 mm): パッド 3 (F.Cu, 非導体層) - RP1 net /OUT_A
    @ (17.780 mm,12.700 mm): パッド 1 (F.Cu, B.Cu, 内層, 非導体層) - P5
ErrType(2): 未接続パッド
    @ (-4.285 mm,24.130 mm): パッド 3 (B.Cu, 非導体層) - U4 net /OUT_A
    @ (17.780 mm,12.700 mm): パッド 1 (F.Cu, B.Cu, 内層, 非導体層) - P5
ErrType(2): 未接続パッド
    @ (-4.285 mm,25.400 mm): パッド 4 (B.Cu, 非導体層) - U4 net /OUT_A
    @ (-4.285 mm,24.130 mm): パッド 3 (B.Cu, 非導体層) - U4
ErrType(2): 未接続パッド
    @ (5.121 mm,33.490 mm): パッド G (F.Cu, 非導体層) - Q1 net Net-(Q1-PadG)
    @ (2.540 mm,32.170 mm): パッド 1 (F.Cu, 非導体層) - R8
ErrType(2): 未接続パッド
    @ (10.160 mm,55.030 mm): パッド 1 (F.Cu, 非導体層) - R9 net Net-(Q2-PadG)
    @ (5.121 mm,51.270 mm): パッド G (F.Cu, 非導体層) - Q2
ErrType(2): 未接続パッド
    @ (17.780 mm,32.170 mm): パッド 1 (B.Cu, 非導体層) - R10 net Net-(Q3-PadG)
    @ (20.361 mm,33.490 mm): パッド G (F.Cu, 非導体層) - Q3
ErrType(2): 未接続パッド
    @ (17.780 mm,52.490 mm): パッド 1 (B.Cu, 非導体層) - R11 net Net-(Q4-PadG)
    @ (20.361 mm,51.270 mm): パッド G (F.Cu, 非導体層) - Q4
ErrType(2): 未接続パッド
    @ (26.035 mm,112.870 mm): パッド 8 (F.Cu, 非導体層) - U2 net Net-(R2-Pad2)
    @ (28.790 mm,109.220 mm): パッド 2 (F.Cu, 非導体層) - R2
ErrType(2): 未接続パッド
    @ (9.525 mm,68.740 mm): パッド 6 (F.Cu, 非導体層) - U3 net Net-(R5-Pad1)
    @ (9.310 mm,70.485 mm): パッド 1 (F.Cu, 非導体層) - R5
ErrType(2): 未接続パッド
    @ (23.280 mm,71.120 mm): パッド 1 (F.Cu, 非導体層) - R6 net Net-(R6-Pad1)
    @ (24.765 mm,68.740 mm): パッド 6 (F.Cu, 非導体層) - U5
ErrType(2): 未接続パッド
    @ (2.540 mm,33.870 mm): パッド 2 (F.Cu, 非導体層) - R8 net Net-(R8-Pad2)
    @ (4.445 mm,63.340 mm): パッド 15 (F.Cu, 非導体層) - U3
ErrType(2): 未接続パッド
    @ (10.795 mm,63.340 mm): パッド 10 (F.Cu, 非導体層) - U3 net Net-(R9-Pad2)
    @ (10.160 mm,56.730 mm): パッド 2 (F.Cu, 非導体層) - R9
ErrType(2): 未接続パッド
    @ (17.780 mm,33.870 mm): パッド 2 (B.Cu, 非導体層) - R10 net Net-(R10-Pad2)
    @ (19.685 mm,63.340 mm): パッド 15 (F.Cu, 非導体層) - U5
ErrType(2): 未接続パッド
    @ (17.780 mm,54.190 mm): パッド 2 (B.Cu, 非導体層) - R11 net Net-(R11-Pad2)
    @ (26.035 mm,63.340 mm): パッド 10 (F.Cu, 非導体層) - U5
ErrType(2): 未接続パッド
    @ (17.340 mm,88.830 mm): パッド 6 (F.Cu, 非導体層) - U1 net /PWM_A
    @ (3.175 mm,68.740 mm): パッド 1 (F.Cu, 非導体層) - U3
ErrType(2): 未接続パッド
    @ (17.340 mm,89.630 mm): パッド 7 (F.Cu, 非導体層) - U1 net /PWM_B
    @ (18.415 mm,68.740 mm): パッド 1 (F.Cu, 非導体層) - U5
ErrType(2): 未接続パッド
    @ (8.255 mm,68.740 mm): パッド 5 (F.Cu, 非導体層) - U3 net /~EN
    @ (23.495 mm,68.740 mm): パッド 5 (F.Cu, 非導体層) - U5
ErrType(2): 未接続パッド
    @ (23.495 mm,68.740 mm): パッド 5 (F.Cu, 非導体層) - U5 net /~EN
    @ (25.840 mm,88.030 mm): パッド 20 (F.Cu, 非導体層) - U1
ErrType(2): 未接続パッド
    @ (25.840 mm,87.230 mm): パッド 21 (F.Cu, 非導体層) - U1 net /CAN_RX
    @ (29.845 mm,118.270 mm): パッド 4 (F.Cu, 非導体層) - U2
ErrType(2): 未接続パッド
    @ (26.035 mm,118.270 mm): パッド 1 (F.Cu, 非導体層) - U2 net /CAN_TX
    @ (25.840 mm,86.430 mm): パッド 22 (F.Cu, 非導体層) - U1
ErrType(2): 未接続パッド
    @ (20.390 mm,83.380 mm): パッド 30 (F.Cu, 非導体層) - U1 net /USART1_RX
    @ (44.450 mm,83.820 mm): パッド 6 (F.Cu, B.Cu, 内層, 非導体層) - P1
ErrType(2): 未接続パッド
    @ (21.190 mm,83.380 mm): パッド 29 (F.Cu, 非導体層) - U1 net /USART1_TX
    @ (44.450 mm,86.320 mm): パッド 5 (F.Cu, B.Cu, 内層, 非導体層) - P1
ErrType(2): 未接続パッド
    @ (62.650 mm,49.530 mm): パッド 1 (F.Cu, 非導体層) - R15 net /5V_SENSE
    @ (60.540 mm,49.530 mm): パッド 2 (F.Cu, 非導体層) - R14
ErrType(2): 未接続パッド
    @ (22.790 mm,91.880 mm): パッド 14 (F.Cu, 非導体層) - U1 net /5V_SENSE
    @ (60.540 mm,49.530 mm): パッド 2 (F.Cu, 非導体層) - R14
ErrType(2): 未接続パッド
    @ (20.390 mm,91.880 mm): パッド 11 (F.Cu, 非導体層) - U1 net /12V_SENSE
    @ (60.540 mm,52.070 mm): パッド 2 (F.Cu, 非導体層) - R16
ErrType(2): 未接続パッド
    @ (62.650 mm,52.070 mm): パッド 1 (F.Cu, 非導体層) - R17 net /12V_SENSE
    @ (60.540 mm,52.070 mm): パッド 2 (F.Cu, 非導体層) - R16
ErrType(2): 未接続パッド
    @ (-9.685 mm,22.860 mm): パッド 7 (B.Cu, 非導体層) - U4 net /CURRENT_SENSE
    @ (19.590 mm,91.880 mm): パッド 10 (F.Cu, 非導体層) - U1

** End of Report **
