eeschema (2013-07-07 BZR 4022)-stable  >> Creation date: 2015/04/11 21:43:38
#コンポーネント ( リファレンス順 )
| C1         120u        
| C2         120u        
| C3         120u        
| C4         120u        
| C5         120u        
| C6         120u        
| C7         100u        
| C8         1u          
| C9         0.1u        
| C10        1u          
| C11        0.1u        
| C12        220u        
| C13        0.1u        
| C14        0.1u        
| C15        0.1u        
| C16        0.1u        
| C17        0.1u        
| C18        100u        
| C19        0.1u        
| C20        22u         
| C21        22u         
| C22        22u         
| C23        22u         
| C24        0.1u        
| C25        0.1u        
| C26        0.1u        
| C27        0.1u        
| C28        22u         
| C29        22u         
| C30        22u         
| C31        22u         
| C32        0.1u        
| C33        120u        
| C34        0.1u        
| C35        120u        
| D1         LED         
| D2         DIODE       
| D3         LED         
| D4         LED         
| D5         LED         
| D6         DIODE       
| D7         DIODE       
| D8         DIODE       
| D9         DIODE       
| D10        DIODE       
| D11        DIODE       
| D12        DIODE       
| D13        DIODE       
| D14        DIODE       
| D15        DIODE       
| D16        DIODE       
| D17        DIODE       
| D18        DIODE       
| D19        DIODE       
| D20        DIODE       
| D21        DIODE       
| D22        DIODE       
| D23        DIODE       
| D24        DIODE       
| D25        DIODE       
| D26        DIODE       
| D27        DIODE       
| D28        DIODE       
| D29        DIODE       
| D30        LED         
| H1         SOLDERHOLE  
| H2         SOLDERHOLE  
| H3         SOLDERHOLE  
| H4         SOLDERHOLE  
| H5         SOLDERHOLE  
| H6         SOLDERHOLE  
| H7         SOLDERHOLE  
| H8         SOLDERHOLE  
| H9         SOLDERHOLE  
| H10        SOLDERHOLE  
| IS1        SI8440      
| IS2        SI8440      
| IS3        SI8440      
| IS4        SI8440      
| P1         CONN_2      
| P2         CONN_10     
| P3         CONN_10     
| Q1         MOSFET_N    
| Q2         MOSFET_N    
| Q3         MOSFET_N    
| Q4         MOSFET_N    
| Q5         MOSFET_N    
| Q6         MOSFET_N    
| Q7         MOSFET_N    
| Q8         MOSFET_N    
| Q9         MOSFET_N    
| Q10        MOSFET_N    
| Q11        MOSFET_N    
| Q12        MOSFET_N    
| Q13        MOSFET_N    
| Q14        MOSFET_N    
| Q15        MOSFET_N    
| Q16        MOSFET_N    
| R1         4.7k        
| R2         470         
| R3         1k          
| R4         3           
| R5         10k         
| R6         1k          
| R7         100         
| R8         100k        
| R9         100k        
| R10        10          
| R11        10          
| R12        10          
| R13        10          
| R14        10          
| R15        10          
| R16        10          
| R17        10          
| R18        10          
| R19        10          
| R20        10          
| R21        10          
| R22        10          
| R23        10          
| R24        10          
| R25        10          
| R26        100         
| R27        100k        
| R28        100k        
| RP1        100k        
| RP2        100k        
| U1         PHDARL      
| U2         MAU10X      
| U3         LM7805      
| U4         NCP2106     
| U5         NCP2106     
| U6         NCP2106     
| U7         NCP2106     
| U8         NCP2106     
| U9         NCP2106     
| U10        NCP2106     
| U11        NCP2106     
| U12        74LS08      
| U13        74LS08      
#End Cmp

#コンポーネント ( 定数で並び替え )
| 0.1u         C9        
| 0.1u         C11       
| 0.1u         C13       
| 0.1u         C14       
| 0.1u         C15       
| 0.1u         C16       
| 0.1u         C17       
| 0.1u         C19       
| 0.1u         C24       
| 0.1u         C25       
| 0.1u         C26       
| 0.1u         C27       
| 0.1u         C32       
| 0.1u         C34       
| 1u           C8        
| 1u           C10       
| 22u          C20       
| 22u          C21       
| 22u          C22       
| 22u          C23       
| 22u          C28       
| 22u          C29       
| 22u          C30       
| 22u          C31       
| 100u         C7        
| 100u         C18       
| 120u         C1        
| 120u         C2        
| 120u         C3        
| 120u         C4        
| 120u         C5        
| 120u         C6        
| 120u         C33       
| 120u         C35       
| 220u         C12       
| LED          D1        
| DIODE        D2        
| LED          D3        
| LED          D4        
| LED          D5        
| DIODE        D6        
| DIODE        D7        
| DIODE        D8        
| DIODE        D9        
| DIODE        D10       
| DIODE        D11       
| DIODE        D12       
| DIODE        D13       
| DIODE        D14       
| DIODE        D15       
| DIODE        D16       
| DIODE        D17       
| DIODE        D18       
| DIODE        D19       
| DIODE        D20       
| DIODE        D21       
| DIODE        D22       
| DIODE        D23       
| DIODE        D24       
| DIODE        D25       
| DIODE        D26       
| DIODE        D27       
| DIODE        D28       
| DIODE        D29       
| LED          D30       
| SOLDERHOLE   H1        
| SOLDERHOLE   H2        
| SOLDERHOLE   H3        
| SOLDERHOLE   H4        
| SOLDERHOLE   H5        
| SOLDERHOLE   H6        
| SOLDERHOLE   H7        
| SOLDERHOLE   H8        
| SOLDERHOLE   H9        
| SOLDERHOLE   H10       
| SI8440       IS1       
| SI8440       IS2       
| SI8440       IS3       
| SI8440       IS4       
| CONN_2       P1        
| CONN_10      P2        
| CONN_10      P3        
| MOSFET_N     Q1        
| MOSFET_N     Q2        
| MOSFET_N     Q3        
| MOSFET_N     Q4        
| MOSFET_N     Q5        
| MOSFET_N     Q6        
| MOSFET_N     Q7        
| MOSFET_N     Q8        
| MOSFET_N     Q9        
| MOSFET_N     Q10       
| MOSFET_N     Q11       
| MOSFET_N     Q12       
| MOSFET_N     Q13       
| MOSFET_N     Q14       
| MOSFET_N     Q15       
| MOSFET_N     Q16       
| 3            R4        
| 10           R10       
| 10           R11       
| 10           R12       
| 10           R13       
| 10           R14       
| 10           R15       
| 10           R16       
| 10           R17       
| 10           R18       
| 10           R19       
| 10           R20       
| 10           R21       
| 10           R22       
| 10           R23       
| 10           R24       
| 10           R25       
| 100          R7        
| 100          R26       
| 470          R2        
| 1k           R3        
| 1k           R6        
| 4.7k         R1        
| 10k          R5        
| 100k         R8        
| 100k         R9        
| 100k         R27       
| 100k         R28       
| 100k         RP1       
| 100k         RP2       
| MAU10X       U2        
| NCP2106      U4        
| NCP2106      U5        
| NCP2106      U6        
| NCP2106      U7        
| NCP2106      U8        
| NCP2106      U9        
| NCP2106      U10       
| NCP2106      U11       
| PHDARL       U1        
| LM7805       U3        
| 74LS08       U12       
| 74LS08       U13       
#コンポーネント終了

#リスト終了
